// Jest Snapshot v1, https://goo.gl/fbAQLP

exports[`Textbox should match the snapshot 1`] = `
<body>
  <div>
    <div>
      <div>
        <input
          placeholder="Username"
          type="text"
        />
      </div>
    </div>
  </div>
</body>
`;
